
PROGRAM "C:\Documents and Settings\user.GX240\Desktop\SistemaOperativo BETA\bin\Project.abs"

*********************************************************************************************
TARGET SECTION
---------------------------------------------------------------------------------------------
Processor   : Freescale HC08
Memory Model: SMALL
File Format : ELF\DWARF 2.0
Linker      : SmartLinker V-5.0.28 Build 5318, Nov 15 2005

*********************************************************************************************
FILE SECTION
---------------------------------------------------------------------------------------------
kernel.c.o                              Model: SMALL,         Lang: ANSI-C
hardware.c.o                            Model: SMALL,         Lang: ANSI-C
procesos.c.o                            Model: SMALL,         Lang: ANSI-C
demonios.c.o                            Model: SMALL,         Lang: ANSI-C
RTSHC08.C.o (ansif.lib)                 Model: SMALL,         Lang: ANSI-C
MC68HC908GP32.C.o                       Model: SMALL,         Lang: ANSI-C
Start08.c.o                             Model: SMALL,         Lang: ANSI-C
MCUinit.c.o                             Model: SMALL,         Lang: ANSI-C

*********************************************************************************************
STARTUP SECTION
---------------------------------------------------------------------------------------------
Entry point: 0x808C (_Startup)
_startupData is allocated at 0x8095 and uses 6 Bytes
extern struct _tagStartup {
  unsigned nofZeroOut     7
  _Range   pZeroOut       0x40     119
                          0xF6     1
                          0x12D     1
                          0x164     1
                          0x19B     7
                          0x1D2     7
                          0x209     31
  _Copy    *toCopyDownBeg 0x92FD
} _startupData;

*********************************************************************************************
SECTION-ALLOCATION SECTION
Section Name                    Size  Type     From       To       Segment
---------------------------------------------------------------------------------------------
.data                             90   R/W       0x40       0x99   SO_RAM
DATOS___P0                         1   R/W       0xF6       0xF6   P0_RAM
DATOS___P1                         1   R/W      0x12D      0x12D   P1_RAM
DATOS___P2                         1   R/W      0x164      0x164   P2_RAM
DATOS___P3                         7   R/W      0x19B      0x1A1   P3_RAM
DATOS___P4                         7   R/W      0x1D2      0x1D8   P4_RAM
DATOS___P5                        31   R/W      0x209      0x227   P5_RAM
.text                           4678     R     0x80B7     0x92FC   SO_ROM
CODIGO__P0                        42     R     0xA000     0xA029   P0_ROM
CODIGO__P1                        86     R     0xA100     0xA155   P1_ROM
CODIGO__P2                        95     R     0xA200     0xA25E   P2_ROM
CODIGO__P3                       188     R     0xA300     0xA3BB   P3_ROM
CODIGO__P4                       196     R     0xA400     0xA4C3   P4_ROM
CODIGO__P5                       461     R     0xA500     0xA6CC   P5_ROM
CODIGO__DEMONIOS                 363     R     0xA700     0xA86A   DEMONIOS_ROM
.abs_section_127                   6   N/I      0x127      0x12C   .absSeg0
.abs_section_15e                   6   N/I      0x15E      0x163   .absSeg1
.abs_section_195                   6   N/I      0x195      0x19A   .absSeg2
.abs_section_1cc                   6   N/I      0x1CC      0x1D1   .absSeg3
.abs_section_203                   6   N/I      0x203      0x208   .absSeg4
.abs_section_23a                   6   N/I      0x23A      0x23F   .absSeg5
.abs_section_0                     1   N/I        0x0        0x0   .absSeg6
.abs_section_1                     1   N/I        0x1        0x1   .absSeg7
.abs_section_2                     1   N/I        0x2        0x2   .absSeg8
.abs_section_3                     1   N/I        0x3        0x3   .absSeg9
.abs_section_4                     1   N/I        0x4        0x4   .absSeg10
.abs_section_5                     1   N/I        0x5        0x5   .absSeg11
.abs_section_6                     1   N/I        0x6        0x6   .absSeg12
.abs_section_7                     1   N/I        0x7        0x7   .absSeg13
.abs_section_8                     1   N/I        0x8        0x8   .absSeg14
.abs_section_c                     1   N/I        0xC        0xC   .absSeg15
.abs_section_d                     1   N/I        0xD        0xD   .absSeg16
.abs_section_e                     1   N/I        0xE        0xE   .absSeg17
.abs_section_f                     1   N/I        0xF        0xF   .absSeg18
.abs_section_10                    1   N/I       0x10       0x10   .absSeg19
.abs_section_11                    1   N/I       0x11       0x11   .absSeg20
.abs_section_12                    1   N/I       0x12       0x12   .absSeg21
.abs_section_13                    1   N/I       0x13       0x13   .absSeg22
.abs_section_14                    1   N/I       0x14       0x14   .absSeg23
.abs_section_15                    1   N/I       0x15       0x15   .absSeg24
.abs_section_16                    1   N/I       0x16       0x16   .absSeg25
.abs_section_17                    1   N/I       0x17       0x17   .absSeg26
.abs_section_18                    1   N/I       0x18       0x18   .absSeg27
.abs_section_19                    1   N/I       0x19       0x19   .absSeg28
.abs_section_1a                    1   N/I       0x1A       0x1A   .absSeg29
.abs_section_1b                    1   N/I       0x1B       0x1B   .absSeg30
.abs_section_1c                    1   N/I       0x1C       0x1C   .absSeg31
.abs_section_1d                    1   N/I       0x1D       0x1D   .absSeg32
.abs_section_1e                    1   N/I       0x1E       0x1E   .absSeg33
.abs_section_1f                    1   N/I       0x1F       0x1F   .absSeg34
.abs_section_20                    1   N/I       0x20       0x20   .absSeg35
.abs_section_25                    1   N/I       0x25       0x25   .absSeg36
.abs_section_28                    1   N/I       0x28       0x28   .absSeg37
.abs_section_2b                    1   N/I       0x2B       0x2B   .absSeg38
.abs_section_30                    1   N/I       0x30       0x30   .absSeg39
.abs_section_33                    1   N/I       0x33       0x33   .absSeg40
.abs_section_36                    1   N/I       0x36       0x36   .absSeg41
.abs_section_37                    1   N/I       0x37       0x37   .absSeg42
.abs_section_3a                    1   N/I       0x3A       0x3A   .absSeg43
.abs_section_3b                    1   N/I       0x3B       0x3B   .absSeg44
.abs_section_3c                    1   N/I       0x3C       0x3C   .absSeg45
.abs_section_3d                    1   N/I       0x3D       0x3D   .absSeg46
.abs_section_3e                    1   N/I       0x3E       0x3E   .absSeg47
.abs_section_fe00                  1   N/I     0xFE00     0xFE00   .absSeg48
.abs_section_fe01                  1   N/I     0xFE01     0xFE01   .absSeg49
.abs_section_fe03                  1   N/I     0xFE03     0xFE03   .absSeg50
.abs_section_fe04                  1   N/I     0xFE04     0xFE04   .absSeg51
.abs_section_fe05                  1   N/I     0xFE05     0xFE05   .absSeg52
.abs_section_fe06                  1   N/I     0xFE06     0xFE06   .absSeg53
.abs_section_fe08                  1   N/I     0xFE08     0xFE08   .absSeg54
.abs_section_fe09                  1   N/I     0xFE09     0xFE09   .absSeg55
.abs_section_fe0b                  1   N/I     0xFE0B     0xFE0B   .absSeg56
.abs_section_ffff                  1   N/I     0xFFFF     0xFFFF   .absSeg57
.abs_section_21                    2   N/I       0x21       0x22   .absSeg58
.abs_section_23                    2   N/I       0x23       0x24   .absSeg59
.abs_section_26                    2   N/I       0x26       0x27   .absSeg60
.abs_section_29                    2   N/I       0x29       0x2A   .absSeg61
.abs_section_2c                    2   N/I       0x2C       0x2D   .absSeg62
.abs_section_2e                    2   N/I       0x2E       0x2F   .absSeg63
.abs_section_31                    2   N/I       0x31       0x32   .absSeg64
.abs_section_34                    2   N/I       0x34       0x35   .absSeg65
.abs_section_38                    2   N/I       0x38       0x39   .absSeg66
.abs_section_fe0c                  2   N/I     0xFE0C     0xFE0D   .absSeg67
.abs_section_ffdc                 36     R     0xFFDC     0xFFFF   .absSeg68
.bss                              21   R/W       0x9A       0xAE   SO_RAM
.startData                        34     R     0x8095     0x80B6   SO_ROM
.init                            149     R     0x8000     0x8094   SO_ROM
.common                            8   R/W       0xAF       0xB6   SO_RAM
.stack                            24   R/W       0xB7       0xCE   SO_RAM
.copy                            163     R     0x92FD     0x939F   SO_ROM

Summary of section sizes per section type:
READ_ONLY (R):        195B (dec:     6491)
READ_WRITE (R/W):       BF (dec:      191)
NO_INIT (N/I):          6C (dec:      108)

*********************************************************************************************
VECTOR-ALLOCATION SECTION
    Address     InitValue   InitFunction
---------------------------------------------------------------------------------------------

*********************************************************************************************
OBJECT-ALLOCATION SECTION
     Name               Module                 Addr   hSize   dSize     Ref    Section   RLIB
---------------------------------------------------------------------------------------------
MODULE:                 -- kernel.c.o --
- PROCEDURES:
     main                                      80B7       9       9       1   .text       
     Despachador                               80C0      64     100       3   .text       
     ActivarDesactivarProceso                  8124      8A     138      11   .text       
     EncolarProceso                            81AE     11B     283       8   .text       
     DesencolarProceso                         82C9     287     647      28   .text       
     Sistema                                   8550       2       2       9   .text       
     isrINT_SWI                                8552     23D     573      46   .text       
- VARIABLES:
     Proceso                                     40      36      54      15   .data       
     ColaDeListos                                76       6       6      33   .data       
     ColaDeBloqueados                            7C       4       4      40   .data       
     Demonios                                    80       4       4       2   .data       
     Temporal                                    9A       2       2      68   .bss        
     ColaDeEspera                                9C       4       4      12   .bss        
     Llamada                                     AF       1       1       2   .common     
     TempByteA                                   B0       1       1      12   .common     
     TempWordA                                   B1       2       2      25   .common     
     TempWordB                                   B3       2       2      12   .common     
     TempWordC                                   B5       2       2      28   .common     
MODULE:                 -- hardware.c.o --
- PROCEDURES:
     isrINT_TBM                                878F      8D     141       1   .text       
     isrINT_ADC                                881C      F5     245       7   .text       
     isrINT_KBD                                8911      AC     172       2   .text       
     isrINT_SCITransmit                        89BD      42      66       1   .text       
     isrINT_TIM2Ovr                            89FF      83     131       1   .text       
     isrINT_TIM1Ovr                            8A82      83     131       1   .text       
     isrINT_TIM1CH1                            8B05      AC     172       2   .text       
     isrINT_IRQ                                8BB1      85     133       1   .text       
- VARIABLES:
     Micro                                       84      16      22      71   .data       
MODULE:                 -- procesos.c.o --
- PROCEDURES:
     VerificarFrenos                           A000      2A      42       0   CODIGO__P0  
     MedirBateria                              A100      56      86       0   CODIGO__P1  
     MedirGasolina                             A200      5F      95       0   CODIGO__P2  
     MedirVelocidad                            A300      BC     188       2   CODIGO__P3  
     MedirRPM                                  A400      C4     196       2   CODIGO__P4  
     EnviarPaquete                             A500      2C      44       0   CODIGO__P5  
     CrearNibbles                              A52C      56      86       1   CODIGO__P5  
     CrearHex                                  A582      DF     223       2   CODIGO__P5  
     CrearCodificado                           A661      6C     108       1   CODIGO__P5  
- VARIABLES:
     BajaSAEUSB                                  A0       4       4      19   .bss        
     TemporalP0                                  F6       1       1       1   DATOS___P0  
     BateriaVoltaje                             12D       1       1       4   DATOS___P1  
     GasolinaNivel                              164       1       1       1   DATOS___P2  
     TemporalP3                                 19B       1       1       1   DATOS___P3  
     TemporalDesbordeVel                        19C       1       1       5   DATOS___P3  
     TemporalDesbordeTIM2                       19D       1       1       4   DATOS___P3  
     TemporalVelocidad                          19E       4       4       5   DATOS___P3  
     TemporalP4                                 1D2       1       1       1   DATOS___P4  
     TemporalDesbordeRPM                        1D3       1       1       5   DATOS___P4  
     TemporalDesbordeTIM1                       1D4       1       1       4   DATOS___P4  
     TemporalRPM                                1D5       4       4       5   DATOS___P4  
     TemporalP5                                 209       2       2       4   DATOS___P5  
     CODIFICADAS                                20B       C      12       9   DATOS___P5  
     NIBBLES                                    217       8       8      15   DATOS___P5  
     contador                                   21F       1       1       4   DATOS___P5  
     GRUPOS_HEX                                 220       8       8      23   DATOS___P5  
     PilaP0                                     127       6       6       0   .abs_section_127
     PilaP1                                     15E       6       6       0   .abs_section_15e
     PilaP2                                     195       6       6       0   .abs_section_195
     PilaP3                                     1CC       6       6       0   .abs_section_1cc
     PilaP4                                     203       6       6       0   .abs_section_203
     PilaP5                                     23A       6       6       0   .abs_section_23a
MODULE:                 -- demonios.c.o --
- PROCEDURES:
     ControlarTablero                          A700     119     281       3   CODIGO__DEMONIOS
     OsciladorFrenos                           A819      51      81       1   CODIGO__DEMONIOS
     RutinaInicial                             A86A       1       1       1   CODIGO__DEMONIOS
- VARIABLES:
     ControlarTableroEstado                      A4       1       1       2   .bss        
     TableroActualizar                           A5       1       1       3   .bss        
     TableroVelocidad                            A6       1       1       3   .bss        
     TableroGasolina                             A7       1       1       2   .bss        
     TableroRPM                                  A8       1       1       2   .bss        
     TableroBateria                              A9       1       1       2   .bss        
     TableroLED                                  AA       1       1      10   .bss        
     OsciladorEstadoPTC3                         AB       1       1       3   .bss        
     OsciladorEstadoPTC2                         AC       1       1       3   .bss        
     OsciladorTemp                               AD       2       2       5   .bss        
MODULE:                 -- RTSHC08.C.o (ansif.lib) --
- PROCEDURES:
     _PUSH_ARGS_L                              8C36      2D      45       2   .text       
     _ENTER_UNARY_L                            8C63      2D      45       3   .text       
     _ENTER_BINARY_L                           8C90      1E      30       2   .text       
     _ENTER_BINARY_L_RC                        8CAE      21      33       2   .text       
     _IDIVMOD                                  8CCF      69     105       1   .text       
     _LADD_k_is_k_plus_j                       8D38      1F      31       1   .text       
     _k_is_k_plus_j_l                          8D57      1E      30       2   .text       
     _k_is_k_plus_j_i                          8D75      12      18       3   .text       
     _LOR_k_is_k_or_j                          8D87      1F      31       1   .text       
     _LMUL_k_is_k_mul_j                        8DA6      81     129       1   .text       
     _NEG_L_HX                                 8E27      13      19       1   .text       
     _IDIVU                                    8E3A      10      16       1   .text       
     _IDIVU_8                                  8E4A       C      12       1   .text       
     _ILSR                                     8E56       C      12       1   .text       
     _ICMP                                     8E62      16      22       1   .text       
     _LADD                                     8E78       6       6       2   .text       
     _LOR                                      8E7E       6       6       2   .text       
     _LMUL_RC                                  8E84       6       6       2   .text       
     _LLSL                                     8E8A      16      22       2   .text       
     _POP32                                    8EA0      1A      26       6   .text       
     _Jump_Table_Addr                          8EBA      16      22       1   .text       
     _Jump_Table_Offset                        8ED0      19      25       2   .text       
     _Jump_Table_Header_Offset                 8EE9      24      36       3   .text       
     F_CLRK                                    8F0D       6       6       2   .text       
     F_CLRK_Unary                              8F13       6       6       1   .text       
     F_NANK                                    8F19       6       6       1   .text       
     F_INFK                                    8F1F       6       6       2   .text       
     _UNPACK_k_to_K                            8F25      58      88       1   .text       
     _UNPACK_k_to_K_Unary                      8F7D      58      88       1   .text       
     _UNPACK_j_to_L                            8FD5      58      88       1   .text       
     _PACK_K_to_k                              902D      4F      79       1   .text       
     _PACK_K_to_k_Unary                        907C      4F      79       1   .text       
     F_NORMK                                   90CB      43      67       1   .text       
     _FDIV_K_is_L_div_K                        910E      9A     154       1   .text       
     _F_LONGK                                  91A8      5A      90       1   .text       
     _F_FLOATK                                 9202      2E      46       1   .text       
     _FDIV_Common                              9230       C      12       1   .text       
     _FDIV_LC                                  923C       7       7       2   .text       
     _FSTRUNC                                  9243       B      11       2   .text       
     _FUFLOAT                                  924E       B      11       2   .text       
- VARIABLES:
MODULE:                 -- MC68HC908GP32.C.o --
- PROCEDURES:
- VARIABLES:
     _PTA                                         0       1       1       6   .abs_section_0
     _PTB                                         1       1       1       5   .abs_section_1
     _PTC                                         2       1       1      19   .abs_section_2
     _PTD                                         3       1       1       1   .abs_section_3
     _DDRA                                        4       1       1       2   .abs_section_4
     _DDRB                                        5       1       1       2   .abs_section_5
     _DDRC                                        6       1       1       2   .abs_section_6
     _DDRD                                        7       1       1       2   .abs_section_7
     _PTE                                         8       1       1       0   .abs_section_8
     _DDRE                                        C       1       1       0   .abs_section_c
     _PTAPUE                                      D       1       1       2   .abs_section_d
     _PTCPUE                                      E       1       1       2   .abs_section_e
     _PTDPUE                                      F       1       1       3   .abs_section_f
     _SPCR                                       10       1       1       0   .abs_section_10
     _SPSCR                                      11       1       1       0   .abs_section_11
     _SPDR                                       12       1       1       0   .abs_section_12
     _SCC1                                       13       1       1       1   .abs_section_13
     _SCC2                                       14       1       1       2   .abs_section_14
     _SCC3                                       15       1       1       1   .abs_section_15
     _SCS1                                       16       1       1       1   .abs_section_16
     _SCS2                                       17       1       1       0   .abs_section_17
     _SCDR                                       18       1       1       1   .abs_section_18
     _SCBR                                       19       1       1       1   .abs_section_19
     _INTKBSCR                                   1A       1       1       3   .abs_section_1a
     _INTKBIER                                   1B       1       1       1   .abs_section_1b
     _TBCR                                       1C       1       1      21   .abs_section_1c
     _INTSCR                                     1D       1       1       9   .abs_section_1d
     _CONFIG2                                    1E       1       1       1   .abs_section_1e
     _CONFIG1                                    1F       1       1       1   .abs_section_1f
     _T1SC                                       20       1       1       5   .abs_section_20
     _T1SC0                                      25       1       1       0   .abs_section_25
     _T1SC1                                      28       1       1       2   .abs_section_28
     _T2SC                                       2B       1       1       5   .abs_section_2b
     _T2SC0                                      30       1       1       1   .abs_section_30
     _T2SC1                                      33       1       1       0   .abs_section_33
     _PCTL                                       36       1       1       5   .abs_section_36
     _PBWC                                       37       1       1       2   .abs_section_37
     _PMRS                                       3A       1       1       1   .abs_section_3a
     _PMDS                                       3B       1       1       1   .abs_section_3b
     _ADSCR                                      3C       1       1       6   .abs_section_3c
     _ADR                                        3D       1       1       1   .abs_section_3d
     _ADCLK                                      3E       1       1       1   .abs_section_3e
     _SBSR                                     FE00       1       1       0   .abs_section_fe00
     _SRSR                                     FE01       1       1       0   .abs_section_fe01
     _SBFCR                                    FE03       1       1       0   .abs_section_fe03
     _INT1                                     FE04       1       1       0   .abs_section_fe04
     _INT2                                     FE05       1       1       0   .abs_section_fe05
     _INT3                                     FE06       1       1       0   .abs_section_fe06
     _FLCR1                                    FE08       1       1       0   .abs_section_fe08
     _BRKH                                     FE09       1       1       0   .abs_section_fe09
     _BRKSCR                                   FE0B       1       1       0   .abs_section_fe0b
     _COPCTL                                   FFFF       1       1       8   .abs_section_ffff
     _T1CNT                                      21       2       2       0   .abs_section_21
     _T1MOD                                      23       2       2       1   .abs_section_23
     _T1CH0                                      26       2       2       0   .abs_section_26
     _T1CH1                                      29       2       2       2   .abs_section_29
     _T2CNT                                      2C       2       2       2   .abs_section_2c
     _T2MOD                                      2E       2       2       1   .abs_section_2e
     _T2CH0                                      31       2       2       0   .abs_section_31
     _T2CH1                                      34       2       2       0   .abs_section_34
     _PMS                                        38       2       2       1   .abs_section_38
     _BRK                                      FE0C       2       2       0   .abs_section_fe0c
MODULE:                 -- Start08.c.o --
- PROCEDURES:
     loadByte                                  8000      17      23       5   .init       
     Init                                      8017      75     117       1   .init       
     _Startup                                  808C       9       9       1   .init       
- VARIABLES:
     _startupData                              8095       6       6       6   .startData  
- LABELS:
     __SEG_END_SSTACK                            CF       0       0       1               
MODULE:                 -- MCUinit.c.o --
- PROCEDURES:
     MCU_init                                  9259      A2     162       1   .text       
     isrINT_SCIReceive                         92FB       1       1       1   .text       
     isrINT_SCIError                           92FC       1       1       1   .text       
- VARIABLES:
     _vect                                     FFDC      24      36       0   .abs_section_ffdc

*********************************************************************************************
MODULE STATISTIC
  Name                                      Data   Code  Const
---------------------------------------------------------------------------------------------
  kernel.c.o                                  82   1752      0
  hardware.c.o                                22   1191      0
  procesos.c.o                                88   1068      0
  demonios.c.o                                11    363      0
  RTSHC08.C.o (ansif.lib)                      0   1571      0
  MC68HC908GP32.C.o                           72      0      0
  Start08.c.o                                  0    149      0
  MCUinit.c.o                                  0    164     36
  other                                       24     34    163

*********************************************************************************************
SECTION USE IN OBJECT-ALLOCATION SECTION
---------------------------------------------------------------------------------------------
SECTION: ".text"
  main Despachador ActivarDesactivarProceso EncolarProceso DesencolarProceso 
  Sistema isrINT_SWI isrINT_TBM isrINT_ADC isrINT_KBD isrINT_SCITransmit 
  isrINT_TIM2Ovr isrINT_TIM1Ovr isrINT_TIM1CH1 isrINT_IRQ _PUSH_ARGS_L 
  _ENTER_UNARY_L _ENTER_BINARY_L _ENTER_BINARY_L_RC _IDIVMOD 
  _LADD_k_is_k_plus_j _k_is_k_plus_j_l _k_is_k_plus_j_i _LOR_k_is_k_or_j 
  _LMUL_k_is_k_mul_j _NEG_L_HX _IDIVU _IDIVU_8 _ILSR _ICMP _LADD _LOR _LMUL_RC 
  _LLSL _POP32 _Jump_Table_Addr _Jump_Table_Offset _Jump_Table_Header_Offset 
  F_CLRK F_CLRK_Unary F_NANK F_INFK _UNPACK_k_to_K _UNPACK_k_to_K_Unary 
  _UNPACK_j_to_L _PACK_K_to_k _PACK_K_to_k_Unary F_NORMK _FDIV_K_is_L_div_K 
  _F_LONGK _F_FLOATK _FDIV_Common _FDIV_LC _FSTRUNC _FUFLOAT MCU_init 
  isrINT_SCIReceive isrINT_SCIError 
SECTION: ".data"
  Proceso ColaDeListos ColaDeBloqueados Demonios Micro 
SECTION: ".bss"
  Temporal ColaDeEspera BajaSAEUSB ControlarTableroEstado TableroActualizar 
  TableroVelocidad TableroGasolina TableroRPM TableroBateria TableroLED 
  OsciladorEstadoPTC3 OsciladorEstadoPTC2 OsciladorTemp 
SECTION: ".init"
  loadByte Init _Startup 
SECTION: "DATOS___P0"
  TemporalP0 
SECTION: "DATOS___P1"
  BateriaVoltaje 
SECTION: "DATOS___P2"
  GasolinaNivel 
SECTION: "DATOS___P3"
  TemporalP3 TemporalDesbordeVel TemporalDesbordeTIM2 TemporalVelocidad 
SECTION: "DATOS___P4"
  TemporalP4 TemporalDesbordeRPM TemporalDesbordeTIM1 TemporalRPM 
SECTION: "DATOS___P5"
  TemporalP5 CODIFICADAS NIBBLES contador GRUPOS_HEX 
SECTION: "CODIGO__P0"
  VerificarFrenos 
SECTION: "CODIGO__P1"
  MedirBateria 
SECTION: "CODIGO__P2"
  MedirGasolina 
SECTION: "CODIGO__P3"
  MedirVelocidad 
SECTION: "CODIGO__P4"
  MedirRPM 
SECTION: "CODIGO__P5"
  EnviarPaquete CrearNibbles CrearHex CrearCodificado 
SECTION: "CODIGO__DEMONIOS"
  ControlarTablero OsciladorFrenos RutinaInicial 
SECTION: ".common"
  Llamada TempByteA TempWordA TempWordB TempWordC 
SECTION: ".abs_section_127"
  PilaP0 
SECTION: ".abs_section_15e"
  PilaP1 
SECTION: ".abs_section_195"
  PilaP2 
SECTION: ".abs_section_1cc"
  PilaP3 
SECTION: ".abs_section_203"
  PilaP4 
SECTION: ".abs_section_23a"
  PilaP5 
SECTION: ".abs_section_0"
  _PTA 
SECTION: ".abs_section_1"
  _PTB 
SECTION: ".abs_section_2"
  _PTC 
SECTION: ".abs_section_3"
  _PTD 
SECTION: ".abs_section_4"
  _DDRA 
SECTION: ".abs_section_5"
  _DDRB 
SECTION: ".abs_section_6"
  _DDRC 
SECTION: ".abs_section_7"
  _DDRD 
SECTION: ".abs_section_8"
  _PTE 
SECTION: ".abs_section_c"
  _DDRE 
SECTION: ".abs_section_d"
  _PTAPUE 
SECTION: ".abs_section_e"
  _PTCPUE 
SECTION: ".abs_section_f"
  _PTDPUE 
SECTION: ".abs_section_10"
  _SPCR 
SECTION: ".abs_section_11"
  _SPSCR 
SECTION: ".abs_section_12"
  _SPDR 
SECTION: ".abs_section_13"
  _SCC1 
SECTION: ".abs_section_14"
  _SCC2 
SECTION: ".abs_section_15"
  _SCC3 
SECTION: ".abs_section_16"
  _SCS1 
SECTION: ".abs_section_17"
  _SCS2 
SECTION: ".abs_section_18"
  _SCDR 
SECTION: ".abs_section_19"
  _SCBR 
SECTION: ".abs_section_1a"
  _INTKBSCR 
SECTION: ".abs_section_1b"
  _INTKBIER 
SECTION: ".abs_section_1c"
  _TBCR 
SECTION: ".abs_section_1d"
  _INTSCR 
SECTION: ".abs_section_1e"
  _CONFIG2 
SECTION: ".abs_section_1f"
  _CONFIG1 
SECTION: ".abs_section_20"
  _T1SC 
SECTION: ".abs_section_25"
  _T1SC0 
SECTION: ".abs_section_28"
  _T1SC1 
SECTION: ".abs_section_2b"
  _T2SC 
SECTION: ".abs_section_30"
  _T2SC0 
SECTION: ".abs_section_33"
  _T2SC1 
SECTION: ".abs_section_36"
  _PCTL 
SECTION: ".abs_section_37"
  _PBWC 
SECTION: ".abs_section_3a"
  _PMRS 
SECTION: ".abs_section_3b"
  _PMDS 
SECTION: ".abs_section_3c"
  _ADSCR 
SECTION: ".abs_section_3d"
  _ADR 
SECTION: ".abs_section_3e"
  _ADCLK 
SECTION: ".abs_section_fe00"
  _SBSR 
SECTION: ".abs_section_fe01"
  _SRSR 
SECTION: ".abs_section_fe03"
  _SBFCR 
SECTION: ".abs_section_fe04"
  _INT1 
SECTION: ".abs_section_fe05"
  _INT2 
SECTION: ".abs_section_fe06"
  _INT3 
SECTION: ".abs_section_fe08"
  _FLCR1 
SECTION: ".abs_section_fe09"
  _BRKH 
SECTION: ".abs_section_fe0b"
  _BRKSCR 
SECTION: ".abs_section_ffff"
  _COPCTL 
SECTION: ".abs_section_21"
  _T1CNT 
SECTION: ".abs_section_23"
  _T1MOD 
SECTION: ".abs_section_26"
  _T1CH0 
SECTION: ".abs_section_29"
  _T1CH1 
SECTION: ".abs_section_2c"
  _T2CNT 
SECTION: ".abs_section_2e"
  _T2MOD 
SECTION: ".abs_section_31"
  _T2CH0 
SECTION: ".abs_section_34"
  _T2CH1 
SECTION: ".abs_section_38"
  _PMS 
SECTION: ".abs_section_fe0c"
  _BRK 
SECTION: ".abs_section_ffdc"
  _vect 

*********************************************************************************************
OBJECT LIST SORTED BY ADDRESS
     Name                                      Addr   hSize   dSize     Ref    Section   RLIB
---------------------------------------------------------------------------------------------
     _PTA                                         0       1       1       6   .abs_section_0
     _PTB                                         1       1       1       5   .abs_section_1
     _PTC                                         2       1       1      19   .abs_section_2
     _PTD                                         3       1       1       1   .abs_section_3
     _DDRA                                        4       1       1       2   .abs_section_4
     _DDRB                                        5       1       1       2   .abs_section_5
     _DDRC                                        6       1       1       2   .abs_section_6
     _DDRD                                        7       1       1       2   .abs_section_7
     _PTE                                         8       1       1       0   .abs_section_8
     _DDRE                                        C       1       1       0   .abs_section_c
     _PTAPUE                                      D       1       1       2   .abs_section_d
     _PTCPUE                                      E       1       1       2   .abs_section_e
     _PTDPUE                                      F       1       1       3   .abs_section_f
     _SPCR                                       10       1       1       0   .abs_section_10
     _SPSCR                                      11       1       1       0   .abs_section_11
     _SPDR                                       12       1       1       0   .abs_section_12
     _SCC1                                       13       1       1       1   .abs_section_13
     _SCC2                                       14       1       1       2   .abs_section_14
     _SCC3                                       15       1       1       1   .abs_section_15
     _SCS1                                       16       1       1       1   .abs_section_16
     _SCS2                                       17       1       1       0   .abs_section_17
     _SCDR                                       18       1       1       1   .abs_section_18
     _SCBR                                       19       1       1       1   .abs_section_19
     _INTKBSCR                                   1A       1       1       3   .abs_section_1a
     _INTKBIER                                   1B       1       1       1   .abs_section_1b
     _TBCR                                       1C       1       1      21   .abs_section_1c
     _INTSCR                                     1D       1       1       9   .abs_section_1d
     _CONFIG2                                    1E       1       1       1   .abs_section_1e
     _CONFIG1                                    1F       1       1       1   .abs_section_1f
     _T1SC                                       20       1       1       5   .abs_section_20
     _T1CNT                                      21       2       2       0   .abs_section_21
     _T1MOD                                      23       2       2       1   .abs_section_23
     _T1SC0                                      25       1       1       0   .abs_section_25
     _T1CH0                                      26       2       2       0   .abs_section_26
     _T1SC1                                      28       1       1       2   .abs_section_28
     _T1CH1                                      29       2       2       2   .abs_section_29
     _T2SC                                       2B       1       1       5   .abs_section_2b
     _T2CNT                                      2C       2       2       2   .abs_section_2c
     _T2MOD                                      2E       2       2       1   .abs_section_2e
     _T2SC0                                      30       1       1       1   .abs_section_30
     _T2CH0                                      31       2       2       0   .abs_section_31
     _T2SC1                                      33       1       1       0   .abs_section_33
     _T2CH1                                      34       2       2       0   .abs_section_34
     _PCTL                                       36       1       1       5   .abs_section_36
     _PBWC                                       37       1       1       2   .abs_section_37
     _PMS                                        38       2       2       1   .abs_section_38
     _PMRS                                       3A       1       1       1   .abs_section_3a
     _PMDS                                       3B       1       1       1   .abs_section_3b
     _ADSCR                                      3C       1       1       6   .abs_section_3c
     _ADR                                        3D       1       1       1   .abs_section_3d
     _ADCLK                                      3E       1       1       1   .abs_section_3e
     Proceso                                     40      36      54      15   .data       
     ColaDeListos                                76       6       6      33   .data       
     ColaDeBloqueados                            7C       4       4      40   .data       
     Demonios                                    80       4       4       2   .data       
     Micro                                       84      16      22      71   .data       
     Temporal                                    9A       2       2      68   .bss        
     ColaDeEspera                                9C       4       4      12   .bss        
     BajaSAEUSB                                  A0       4       4      19   .bss        
     ControlarTableroEstado                      A4       1       1       2   .bss        
     TableroActualizar                           A5       1       1       3   .bss        
     TableroVelocidad                            A6       1       1       3   .bss        
     TableroGasolina                             A7       1       1       2   .bss        
     TableroRPM                                  A8       1       1       2   .bss        
     TableroBateria                              A9       1       1       2   .bss        
     TableroLED                                  AA       1       1      10   .bss        
     OsciladorEstadoPTC3                         AB       1       1       3   .bss        
     OsciladorEstadoPTC2                         AC       1       1       3   .bss        
     OsciladorTemp                               AD       2       2       5   .bss        
     Llamada                                     AF       1       1       2   .common     
     TempByteA                                   B0       1       1      12   .common     
     TempWordA                                   B1       2       2      25   .common     
     TempWordB                                   B3       2       2      12   .common     
     TempWordC                                   B5       2       2      28   .common     
     TemporalP0                                  F6       1       1       1   DATOS___P0  
     PilaP0                                     127       6       6       0   .abs_section_127
     BateriaVoltaje                             12D       1       1       4   DATOS___P1  
     PilaP1                                     15E       6       6       0   .abs_section_15e
     GasolinaNivel                              164       1       1       1   DATOS___P2  
     PilaP2                                     195       6       6       0   .abs_section_195
     TemporalP3                                 19B       1       1       1   DATOS___P3  
     TemporalDesbordeVel                        19C       1       1       5   DATOS___P3  
     TemporalDesbordeTIM2                       19D       1       1       4   DATOS___P3  
     TemporalVelocidad                          19E       4       4       5   DATOS___P3  
     PilaP3                                     1CC       6       6       0   .abs_section_1cc
     TemporalP4                                 1D2       1       1       1   DATOS___P4  
     TemporalDesbordeRPM                        1D3       1       1       5   DATOS___P4  
     TemporalDesbordeTIM1                       1D4       1       1       4   DATOS___P4  
     TemporalRPM                                1D5       4       4       5   DATOS___P4  
     PilaP4                                     203       6       6       0   .abs_section_203
     TemporalP5                                 209       2       2       4   DATOS___P5  
     CODIFICADAS                                20B       C      12       9   DATOS___P5  
     NIBBLES                                    217       8       8      15   DATOS___P5  
     contador                                   21F       1       1       4   DATOS___P5  
     GRUPOS_HEX                                 220       8       8      23   DATOS___P5  
     PilaP5                                     23A       6       6       0   .abs_section_23a
     loadByte                                  8000      17      23       5   .init       
     Init                                      8017      75     117       1   .init       
     _Startup                                  808C       9       9       1   .init       
     main                                      80B7       9       9       1   .text       
     Despachador                               80C0      64     100       3   .text       
     ActivarDesactivarProceso                  8124      8A     138      11   .text       
     EncolarProceso                            81AE     11B     283       8   .text       
     DesencolarProceso                         82C9     287     647      28   .text       
     Sistema                                   8550       2       2       9   .text       
     isrINT_SWI                                8552     23D     573      46   .text       
     isrINT_TBM                                878F      8D     141       1   .text       
     isrINT_ADC                                881C      F5     245       7   .text       
     isrINT_KBD                                8911      AC     172       2   .text       
     isrINT_SCITransmit                        89BD      42      66       1   .text       
     isrINT_TIM2Ovr                            89FF      83     131       1   .text       
     isrINT_TIM1Ovr                            8A82      83     131       1   .text       
     isrINT_TIM1CH1                            8B05      AC     172       2   .text       
     isrINT_IRQ                                8BB1      85     133       1   .text       
     _PUSH_ARGS_L                              8C36      2D      45       2   .text       
     _ENTER_UNARY_L                            8C63      2D      45       3   .text       
     _ENTER_BINARY_L                           8C90      1E      30       2   .text       
     _ENTER_BINARY_L_RC                        8CAE      21      33       2   .text       
     _IDIVMOD                                  8CCF      69     105       1   .text       
     _LADD_k_is_k_plus_j                       8D38      1F      31       1   .text       
     _k_is_k_plus_j_l                          8D57      1E      30       2   .text       
     _k_is_k_plus_j_i                          8D75      12      18       3   .text       
     _LOR_k_is_k_or_j                          8D87      1F      31       1   .text       
     _LMUL_k_is_k_mul_j                        8DA6      81     129       1   .text       
     _NEG_L_HX                                 8E27      13      19       1   .text       
     _IDIVU                                    8E3A      10      16       1   .text       
     _IDIVU_8                                  8E4A       C      12       1   .text       
     _ILSR                                     8E56       C      12       1   .text       
     _ICMP                                     8E62      16      22       1   .text       
     _LADD                                     8E78       6       6       2   .text       
     _LOR                                      8E7E       6       6       2   .text       
     _LMUL_RC                                  8E84       6       6       2   .text       
     _LLSL                                     8E8A      16      22       2   .text       
     _POP32                                    8EA0      1A      26       6   .text       
     _Jump_Table_Addr                          8EBA      16      22       1   .text       
     _Jump_Table_Offset                        8ED0      19      25       2   .text       
     _Jump_Table_Header_Offset                 8EE9      24      36       3   .text       
     F_CLRK                                    8F0D       6       6       2   .text       
     F_CLRK_Unary                              8F13       6       6       1   .text       
     F_NANK                                    8F19       6       6       1   .text       
     F_INFK                                    8F1F       6       6       2   .text       
     _UNPACK_k_to_K                            8F25      58      88       1   .text       
     _UNPACK_k_to_K_Unary                      8F7D      58      88       1   .text       
     _UNPACK_j_to_L                            8FD5      58      88       1   .text       
     _PACK_K_to_k                              902D      4F      79       1   .text       
     _PACK_K_to_k_Unary                        907C      4F      79       1   .text       
     F_NORMK                                   90CB      43      67       1   .text       
     _FDIV_K_is_L_div_K                        910E      9A     154       1   .text       
     _F_LONGK                                  91A8      5A      90       1   .text       
     _F_FLOATK                                 9202      2E      46       1   .text       
     _FDIV_Common                              9230       C      12       1   .text       
     _FDIV_LC                                  923C       7       7       2   .text       
     _FSTRUNC                                  9243       B      11       2   .text       
     _FUFLOAT                                  924E       B      11       2   .text       
     MCU_init                                  9259      A2     162       1   .text       
     isrINT_SCIReceive                         92FB       1       1       1   .text       
     isrINT_SCIError                           92FC       1       1       1   .text       
     VerificarFrenos                           A000      2A      42       0   CODIGO__P0  
     MedirBateria                              A100      56      86       0   CODIGO__P1  
     MedirGasolina                             A200      5F      95       0   CODIGO__P2  
     MedirVelocidad                            A300      BC     188       2   CODIGO__P3  
     MedirRPM                                  A400      C4     196       2   CODIGO__P4  
     EnviarPaquete                             A500      2C      44       0   CODIGO__P5  
     CrearNibbles                              A52C      56      86       1   CODIGO__P5  
     CrearHex                                  A582      DF     223       2   CODIGO__P5  
     CrearCodificado                           A661      6C     108       1   CODIGO__P5  
     ControlarTablero                          A700     119     281       3   CODIGO__DEMONIOS
     OsciladorFrenos                           A819      51      81       1   CODIGO__DEMONIOS
     RutinaInicial                             A86A       1       1       1   CODIGO__DEMONIOS
     _SBSR                                     FE00       1       1       0   .abs_section_fe00
     _SRSR                                     FE01       1       1       0   .abs_section_fe01
     _SBFCR                                    FE03       1       1       0   .abs_section_fe03
     _INT1                                     FE04       1       1       0   .abs_section_fe04
     _INT2                                     FE05       1       1       0   .abs_section_fe05
     _INT3                                     FE06       1       1       0   .abs_section_fe06
     _FLCR1                                    FE08       1       1       0   .abs_section_fe08
     _BRKH                                     FE09       1       1       0   .abs_section_fe09
     _BRKSCR                                   FE0B       1       1       0   .abs_section_fe0b
     _BRK                                      FE0C       2       2       0   .abs_section_fe0c
     _vect                                     FFDC      24      36       0   .abs_section_ffdc
     _COPCTL                                   FFFF       1       1       8   .abs_section_ffff

*********************************************************************************************
UNUSED-OBJECTS SECTION
---------------------------------------------------------------------------------------------
NOT USED PROCEDURES
RTSHC08.C.o (ansif.lib):
  _PUSH_ARGS_D _ENTER_UNARY_L64 _ENTER_UNARY_L64_4 _ENTER_BINARY_L_LC 
  _ENTER_BINARY_L64 _ENTER_BINARY_L64_LC _ENTER_BINARY_L64_RC _SPLITSIGN 
  _LSUB_k_is_k_minus_j _LAND_k_is_k_and_j _LXOR_k_is_k_xor_j _LDIVMOD _ABS_L_HX 
  _SPLITSIGN_L _LMODU_k_is_k_mod_j _LDIVU_k_is_k_div_j _LMODS_k_is_k_mod_j 
  _LDIVS_k_is_k_div_j _LCMP_k_rel_j _BMULS _BDIVS _BMODS _IMUL _IDIVS _IMODS 
  _IMODU _IMODU_8 _IASR _ILSL _LINC _LDEC _LNEG _LNOT _LADD_RC _LSUB _LSUB_LC 
  _LSUB_RC _LAND _LAND_RC _LOR_RC _LXOR _LXOR_RC _LMUL _LDIVS _LDIVS_LC 
  _LDIVS_RC _LDIVU _LDIVU_LC _LDIVU_RC _LMODS _LMODS_LC _LMODS_RC _LMODU 
  _LMODU_LC _LMODU_RC _LASR _LLSR _LCMP _LCMP_RC _COPY _COPY_L _POP64 _STORE32 
  _STORE64 _SEXT8_32 _SEXT16_32 _CALL _Jump_Table_Header_Addr 
  _Search_Table_16_Addr _Search_Table_16_Offset _Search_Table_8_Addr 
  _Search_Table_8_Offset _PUSH_CC _POP_CC F_INFK_Unary F_TLK F_XGKL 
  _FADD_K_is_K_plus_L _FMUL_K_is_K_times_L _FCMP_k_rel_j _FADD_Common 
  _FSUB_Common _FMUL_Common _FADD _FADD_RC _FSUB _FSUB_RC _FSUB_LC _FMUL 
  _FMUL_RC _FDIV _FDIV_RC _FUTRUNC _FNEG _FABS _FCMP _FCMP_RC _FINC _FDEC 
  _FSFLOAT D_TLK D_TLRes D_TKRes D_XGKL D_CLRK D_CLRK_Unary D_NANK D_NANK_Unary 
  D_INFK D_INFK_Unary _DUNPACK_k_to_K _DUNPACK_k_to_K_Unary _DUNPACK_j_to_L 
  _DPACK_K_to_k _DPACK_K_to_k_Unary D_NORMK_Unary D_NORMK _DADD_K_is_K_plus_L 
  _DMUL_K_is_K_times_L _DDIV_K_is_L_div_K _DCMP_k_rel_j _D_FLOATK _D_LONGK 
  _D_FTODK _D_DTOFK _DADD_Common _DSUB_Common _DMUL_Common _DDIV_Common _DADD 
  _DADD_RC _DSUB _DSUB_RC _DSUB_LC _DMUL _DMUL_RC _DDIV _DDIV_LC _DDIV_RC _DCMP 
  _DCMP_RC _DINC _DDEC _DNEG _DABS _DSFLOAT _DUFLOAT _DSTRUNC _DUTRUNC _DSHORT 
  _DLONG 
NOT USED VARIABLES
RTSHC08.C.o (ansif.lib):
  _PowOfTwo_8 _PowOfTwo_16 _PowOfTwo_32 plus1 minus1 plus1d minus1d errno 

*********************************************************************************************
COPYDOWN SECTION
---------------------------------------------------------------------------------------------
------- ROM-ADDRESS: 0x92FD ---- SIZE       4 ---
Filling bytes inserted
 00530041
------- ROM-ADDRESS: 0x9301 ---- RAM-ADDRESS: 0x41 ---- SIZE      53 ---
Name of initialized Object : Proceso:1
 0500012700 00005B0101 00015E006D
 0052020100 0195004900 6D03090001
 CC00400064 0408000203 005B000005
 0100023A00 520049
------- ROM-ADDRESS: 0x9336 ---- SIZE       1 ---
Filling bytes inserted
 00
------- ROM-ADDRESS: 0x9337 ---- RAM-ADDRESS: 0x77 ---- SIZE       5 ---
Name of initialized Object : ColaDeListos:1
 6D0049006D
------- ROM-ADDRESS: 0x933C ---- SIZE       1 ---
Filling bytes inserted
 00
------- ROM-ADDRESS: 0x933D ---- RAM-ADDRESS: 0x7D ---- SIZE       3 ---
Name of initialized Object : ColaDeBloqueados:1
 400064
------- ROM-ADDRESS: 0x9340 ---- RAM-ADDRESS: 0x80 ---- SIZE       4 ---
Name of initialized Object : Demonios
 A700A819
------- ROM-ADDRESS: 0x9344 ---- SIZE       1 ---
Filling bytes inserted
 00
------- ROM-ADDRESS: 0x9345 ---- RAM-ADDRESS: 0x85 ---- SIZE       2 ---
Name of initialized Object : Micro:1
 FC01
------- ROM-ADDRESS: 0x9347 ---- SIZE       5 ---
Filling bytes inserted
 0000000000
------- ROM-ADDRESS: 0x934C ---- RAM-ADDRESS: 0x8C ---- SIZE       1 ---
Name of initialized Object : Micro:8
 01
------- ROM-ADDRESS: 0x934D ---- SIZE       6 ---
Filling bytes inserted
 0000000000 00
------- ROM-ADDRESS: 0x9353 ---- RAM-ADDRESS: 0x93 ---- SIZE       1 ---
Name of initialized Object : Micro:15
 01
------- ROM-ADDRESS: 0x9354 ---- SIZE       4 ---
Filling bytes inserted
 00060127
------- ROM-ADDRESS: 0x9358 ---- RAM-ADDRESS: 0x127 ---- SIZE       6 ---
Name of initialized Object : PilaP0
 1268AC34A0 00
------- ROM-ADDRESS: 0x935E ---- SIZE       4 ---
Filling bytes inserted
 0006015E
------- ROM-ADDRESS: 0x9362 ---- RAM-ADDRESS: 0x15E ---- SIZE       6 ---
Name of initialized Object : PilaP1
 1260AC34A1 00
------- ROM-ADDRESS: 0x9368 ---- SIZE       4 ---
Filling bytes inserted
 00060195
------- ROM-ADDRESS: 0x936C ---- RAM-ADDRESS: 0x195 ---- SIZE       6 ---
Name of initialized Object : PilaP2
 1260AC34A2 00
------- ROM-ADDRESS: 0x9372 ---- SIZE       4 ---
Filling bytes inserted
 000601CC
------- ROM-ADDRESS: 0x9376 ---- RAM-ADDRESS: 0x1CC ---- SIZE       6 ---
Name of initialized Object : PilaP3
 1260AC34A3 00
------- ROM-ADDRESS: 0x937C ---- SIZE       4 ---
Filling bytes inserted
 00140203
------- ROM-ADDRESS: 0x9380 ---- RAM-ADDRESS: 0x203 ---- SIZE       6 ---
Name of initialized Object : PilaP4
 1260AC34A4 00
------- ROM-ADDRESS: 0x9386 ---- SIZE       2 ---
Filling bytes inserted
 0000
------- ROM-ADDRESS: 0x9388 ---- RAM-ADDRESS: 0x20B ---- SIZE       5 ---
Name of initialized Object : CODIFICADAS
 0C55FF00FF
------- ROM-ADDRESS: 0x938D ---- SIZE       6 ---
Filling bytes inserted
 0000000000 00
------- ROM-ADDRESS: 0x9393 ---- RAM-ADDRESS: 0x216 ---- SIZE       1 ---
Name of initialized Object : CODIFICADAS:11
 FE
------- ROM-ADDRESS: 0x9394 ---- SIZE       4 ---
Filling bytes inserted
 0006023A
------- ROM-ADDRESS: 0x9398 ---- RAM-ADDRESS: 0x23A ---- SIZE       6 ---
Name of initialized Object : PilaP5
 1260AC34A5 00
------- ROM-ADDRESS: 0x939E ---- SIZE       2 ---
Filling bytes inserted
 0000

*********************************************************************************************
OBJECT-DEPENDENCIES SECTION
---------------------------------------------------------------------------------------------
Proceso                   USES Proceso 
ColaDeListos              USES Proceso 
ColaDeBloqueados          USES Proceso 
Demonios                  USES ControlarTablero OsciladorFrenos 
Init                      USES _startupData loadByte 
_Startup                  USES __SEG_END_SSTACK Init main 
main                      USES MCU_init RutinaInicial Despachador 
Despachador               USES TempByteA Demonios ColaDeListos Temporal 
                                TempWordA _TBCR 
ActivarDesactivarProceso  USES TempByteA Temporal ColaDeListos EncolarProceso 
                                DesencolarProceso 
EncolarProceso            USES EncolarProceso _Jump_Table_Header_Offset 
                                ColaDeListos ColaDeBloqueados ColaDeEspera 
DesencolarProceso         USES _Jump_Table_Header_Offset ColaDeListos 
                                ColaDeBloqueados ColaDeEspera DesencolarProceso 
isrINT_SWI                USES TempWordA Llamada isrINT_SWI _Jump_Table_Addr 
                                ActivarDesactivarProceso Micro _ADSCR TempWordB TempWordC TempByteA 
                                ColaDeListos _TBCR Despachador 
isrINT_TBM                USES _TBCR TempWordA ColaDeEspera Temporal 
                                ActivarDesactivarProceso Despachador ColaDeListos 
isrINT_ADC                USES TempWordC ColaDeBloqueados Temporal isrINT_ADC 
                                Micro ActivarDesactivarProceso TempWordA _ADR 
                                TempByteA TempWordB _ADSCR _TBCR 
isrINT_KBD                USES Micro _T2SC isrINT_KBD _T2CNT TempWordC 
                                ColaDeBloqueados Temporal ActivarDesactivarProceso _T2SC0 _TBCR 
isrINT_SCITransmit        USES _SCS1 TempByteA Micro _SCDR _ICMP _TBCR 
isrINT_TIM2Ovr            USES TempWordC _T2SC ColaDeBloqueados Temporal Micro 
                                ActivarDesactivarProceso _TBCR 
isrINT_TIM1Ovr            USES TempWordC _T1SC ColaDeBloqueados Temporal Micro 
                                ActivarDesactivarProceso _TBCR 
isrINT_TIM1CH1            USES Micro _T1SC isrINT_TIM1CH1 _T1CH1 TempWordC 
                                ColaDeBloqueados Temporal ActivarDesactivarProceso _T1SC1 _TBCR 
isrINT_IRQ                USES _INTSCR TempWordC ColaDeBloqueados Temporal 
                                Micro ActivarDesactivarProceso _TBCR 
_ENTER_BINARY_L           USES _PUSH_ARGS_L 
_ENTER_BINARY_L_RC        USES _PUSH_ARGS_L 
_LMUL_k_is_k_mul_j        USES _k_is_k_plus_j_l _k_is_k_plus_j_i 
_IDIVU                    USES _IDIVMOD 
_IDIVU_8                  USES _IDIVU 
_LADD                     USES _ENTER_BINARY_L _LADD_k_is_k_plus_j 
_LOR                      USES _ENTER_BINARY_L _LOR_k_is_k_or_j 
_LMUL_RC                  USES _ENTER_BINARY_L_RC _LMUL_k_is_k_mul_j 
_LLSL                     USES _ENTER_UNARY_L 
F_NORMK                   USES F_CLRK F_INFK 
_FDIV_K_is_L_div_K        USES F_NANK F_INFK F_CLRK F_NORMK 
_F_LONGK                  USES _NEG_L_HX 
_F_FLOATK                 USES F_CLRK_Unary 
_FDIV_Common              USES _UNPACK_k_to_K _UNPACK_j_to_L 
                                _FDIV_K_is_L_div_K _PACK_K_to_k 
_FDIV_LC                  USES _ENTER_BINARY_L_RC _FDIV_Common 
_FSTRUNC                  USES _ENTER_UNARY_L _UNPACK_k_to_K_Unary _F_LONGK 
_FUFLOAT                  USES _ENTER_UNARY_L _F_FLOATK _PACK_K_to_k_Unary 
MCU_init                  USES _CONFIG1 _CONFIG2 _PCTL _PMS _PMRS _PMDS _PBWC 
                                _PTDPUE _TBCR _INTSCR _ADCLK _ADSCR _DDRD _PTC _PTCPUE 
                                _DDRC _PTB _DDRB _PTA _PTAPUE _DDRA _COPCTL _SCC3 
                                _SCBR _SCC1 _SCC2 _T1SC1 _T1MOD _T1SC _T2MOD _T2SC 
                                _INTKBSCR _INTKBIER 
VerificarFrenos           USES BajaSAEUSB _INTSCR _COPCTL Sistema TemporalP0 
MedirBateria              USES Sistema BateriaVoltaje BajaSAEUSB _COPCTL 
MedirGasolina             USES _PTD GasolinaNivel _Jump_Table_Offset 
                                BajaSAEUSB _COPCTL 
MedirVelocidad            USES MedirVelocidad Sistema TemporalVelocidad _LLSL 
                                _POP32 _LOR TemporalDesbordeVel _LMUL_RC _LADD 
                                _FUFLOAT _FDIV_LC _FSTRUNC BajaSAEUSB 
                                TemporalDesbordeTIM2 _COPCTL TemporalP3 
MedirRPM                  USES MedirRPM Sistema TemporalRPM _LLSL _POP32 _LOR 
                                TemporalDesbordeRPM _LMUL_RC _LADD _FUFLOAT _FDIV_LC _FSTRUNC 
                                BajaSAEUSB TemporalDesbordeTIM1 _COPCTL TemporalP4 
EnviarPaquete             USES CODIFICADAS TemporalP5 Sistema _SCC2 
                                CrearNibbles CrearHex CrearCodificado _COPCTL 
CrearNibbles              USES BajaSAEUSB NIBBLES _ILSR 
CrearHex                  USES contador NIBBLES GRUPOS_HEX CrearHex 
CrearCodificado           USES GRUPOS_HEX CODIFICADAS 
ControlarTablero          USES ControlarTablero _PTC TableroActualizar 
                                BajaSAEUSB TableroVelocidad TableroGasolina 
                                TableroBateria _IDIVU_8 TableroRPM ControlarTableroEstado 
                                _Jump_Table_Header_Offset TableroLED _PTB _PTA 
OsciladorFrenos           USES OsciladorEstadoPTC2 _PTC OsciladorTemp 
                                OsciladorEstadoPTC3 
_vect                     USES isrINT_TBM isrINT_ADC isrINT_KBD 
                                isrINT_SCITransmit isrINT_SCIReceive isrINT_SCIError 
                                isrINT_TIM2Ovr isrINT_TIM1Ovr isrINT_TIM1CH1 isrINT_IRQ 
                                isrINT_SWI _Startup 

*********************************************************************************************
DEPENDENCY TREE
*********************************************************************************************
 main and _Startup Group
 | 
 +- main                
 |  | 
 |  +- MCU_init            
 |  |    
 |  +- RutinaInicial       
 |  |    
 |  +- Despachador         
 |     | 
 |     +- Demonios            
 |        | 
 |        +- ControlarTablero    
 |        |  | 
 |        |  +- _IDIVU_8            
 |        |  |  | 
 |        |  |  +- _IDIVU              
 |        |  |     | 
 |        |  |     +- _IDIVMOD            
 |        |  |          
 |        |  +- _Jump_Table_Header_Offset
 |        |       
 |        +- OsciladorFrenos     
 |             
 +- _Startup            
    | 
    +- Init                
    |  | 
    |  +- loadByte            
    |       
    +- main                 (see above)
       
 Proceso             
   
 ColaDeListos        
   
 ColaDeBloqueados    
   
 ActivarDesactivarProceso
 | 
 +- EncolarProceso      
 |  | 
 |  +- _Jump_Table_Header_Offset (see above)
 |     
 +- DesencolarProceso   
    | 
    +- _Jump_Table_Header_Offset (see above)
       
 VerificarFrenos     
 | 
 +* Sistema             
      
 MedirBateria        
 | 
 +* Sistema              (see above)
    
 MedirGasolina       
 | 
 +- _Jump_Table_Offset  
      
 MedirVelocidad      
 | 
 +* Sistema              (see above)
 |  
 +- _LLSL               
 |  | 
 |  +- _ENTER_UNARY_L      
 |       
 +- _POP32              
 |    
 +- _LOR                
 |  | 
 |  +- _ENTER_BINARY_L     
 |  |  | 
 |  |  +- _PUSH_ARGS_L        
 |  |       
 |  +- _LOR_k_is_k_or_j    
 |       
 +- _LMUL_RC            
 |  | 
 |  +- _ENTER_BINARY_L_RC  
 |  |  | 
 |  |  +- _PUSH_ARGS_L         (see above)
 |  |     
 |  +- _LMUL_k_is_k_mul_j  
 |     | 
 |     +- _k_is_k_plus_j_l    
 |     |    
 |     +- _k_is_k_plus_j_i    
 |          
 +- _LADD               
 |  | 
 |  +- _ENTER_BINARY_L      (see above)
 |  |  
 |  +- _LADD_k_is_k_plus_j 
 |       
 +- _FUFLOAT            
 |  | 
 |  +- _ENTER_UNARY_L       (see above)
 |  |  
 |  +- _F_FLOATK           
 |  |  | 
 |  |  +- F_CLRK_Unary        
 |  |       
 |  +- _PACK_K_to_k_Unary  
 |       
 +- _FDIV_LC            
 |  | 
 |  +- _ENTER_BINARY_L_RC   (see above)
 |  |  
 |  +- _FDIV_Common        
 |     | 
 |     +- _UNPACK_k_to_K      
 |     |    
 |     +- _UNPACK_j_to_L      
 |     |    
 |     +- _FDIV_K_is_L_div_K  
 |     |  | 
 |     |  +- F_NANK              
 |     |  |    
 |     |  +- F_INFK              
 |     |  |    
 |     |  +- F_CLRK              
 |     |  |    
 |     |  +- F_NORMK             
 |     |     | 
 |     |     +- F_CLRK               (see above)
 |     |     |  
 |     |     +- F_INFK               (see above)
 |     |        
 |     +- _PACK_K_to_k        
 |          
 +- _FSTRUNC            
    | 
    +- _ENTER_UNARY_L       (see above)
    |  
    +- _UNPACK_k_to_K_Unary
    |    
    +- _F_LONGK            
       | 
       +- _NEG_L_HX           
            
 MedirRPM            
 | 
 +* Sistema              (see above)
 |  
 +- _LLSL                (see above)
 |  
 +- _POP32               (see above)
 |  
 +- _LOR                 (see above)
 |  
 +- _LMUL_RC             (see above)
 |  
 +- _LADD                (see above)
 |  
 +- _FUFLOAT             (see above)
 |  
 +- _FDIV_LC             (see above)
 |  
 +- _FSTRUNC             (see above)
    
 EnviarPaquete       
 | 
 +* Sistema              (see above)
 |  
 +- CrearNibbles        
 |  | 
 |  +- _ILSR               
 |       
 +- CrearHex            
 |    
 +- CrearCodificado     
      
 _vect               
 | 
 +- isrINT_TBM          
 |  | 
 |  +* ActivarDesactivarProceso (see above)
 |  |  
 |  +- Despachador          (see above)
 |     
 +- isrINT_ADC          
 |  | 
 |  +* ActivarDesactivarProceso (see above)
 |     
 +- isrINT_KBD          
 |  | 
 |  +* ActivarDesactivarProceso (see above)
 |     
 +- isrINT_SCITransmit  
 |  | 
 |  +- _ICMP               
 |       
 +- isrINT_SCIReceive   
 |    
 +- isrINT_SCIError     
 |    
 +- isrINT_TIM2Ovr      
 |  | 
 |  +* ActivarDesactivarProceso (see above)
 |     
 +- isrINT_TIM1Ovr      
 |  | 
 |  +* ActivarDesactivarProceso (see above)
 |     
 +- isrINT_TIM1CH1      
 |  | 
 |  +* ActivarDesactivarProceso (see above)
 |     
 +- isrINT_IRQ          
 |  | 
 |  +* ActivarDesactivarProceso (see above)
 |     
 +- isrINT_SWI          
 |  | 
 |  +- _Jump_Table_Addr    
 |  |    
 |  +* ActivarDesactivarProceso (see above)
 |  |  
 |  +- Despachador          (see above)
 |     
 +- _Startup             (see above)
    
*********************************************************************************************
STATISTIC SECTION
---------------------------------------------------------------------------------------------

ExeFile:
--------
Number of blocks to be downloaded: 12
Total size of all blocks to be downloaded: 6491

